******************************************************************************
                  TI ARM Linker PC v5.2.2                      
******************************************************************************
>> Linked Sat Apr 18 15:52:05 2015

OUTPUT FILE NAME:   <Tiva - Motor_Control.out>
ENTRY POINT SYMBOL: "_c_int00"  address: 000008b5


MEMORY CONFIGURATION

         name            origin    length      used     unused   attr    fill
----------------------  --------  ---------  --------  --------  ----  --------
  FLASH                 00000000   00040000  00000c72  0003f38e  R  X
  SRAM                  20000000   00008000  00000214  00007dec  RW X


SEGMENT ALLOCATION MAP

run origin  load origin   length   init length attrs members
----------  ----------- ---------- ----------- ----- -------
00000000    00000000    00000c78   00000c78    r-x
  00000000    00000000    0000026c   0000026c    r-- .intvecs
  0000026c    0000026c    000008ea   000008ea    r-x .text
  00000b58    00000b58    000000fc   000000fc    r-- .const
  00000c58    00000c58    00000020   00000020    r-- .cinit
20000000    20000000    00000214   00000000    rw-
  20000000    20000000    00000200   00000000    rw- .stack
  20000200    20000200    00000014   00000000    rw- .data


SECTION ALLOCATION MAP

 output                                  attributes/
section   page    origin      length       input sections
--------  ----  ----------  ----------   ----------------
.intvecs   0    00000000    0000026c     
                  00000000    0000026c     tm4c123gh6pm_startup_ccs.obj (.intvecs)

.text      0    0000026c    000008ea     
                  0000026c    00000130     driverlib.lib : gpio.obj (.text:GPIOPadConfigSet)
                  0000039c    00000120     main.obj (.text)
                  000004bc    00000118     driverlib.lib : sysctl.obj (.text:SysCtlClockGet)
                  000005d4    000000f0                   : sysctl.obj (.text:SysCtlClockSet)
                  000006c4    0000009c     rtsv7M4_T_le_v4SPD16_eabi.lib : memcpy_t2.obj (.text)
                  00000760    0000007a                                   : memset_t2.obj (.text)
                  000007da    00000002     --HOLE-- [fill = 0]
                  000007dc    0000006c                                   : autoinit.obj (.text)
                  00000848    0000006a                                   : copy_decompress_rle.obj (.text)
                  000008b2    00000002     --HOLE-- [fill = 0]
                  000008b4    00000050                                   : boot.obj (.text)
                  00000904    0000004c                                   : cpy_tbl.obj (.text)
                  00000950    00000048     driverlib.lib : gpio.obj (.text:GPIOPinConfigure)
                  00000998    00000044     rtsv7M4_T_le_v4SPD16_eabi.lib : exit.obj (.text)
                  000009dc    00000034     driverlib.lib : sysctl.obj (.text:SysCtlPeripheralEnable)
                  00000a10    0000002a                   : gpio.obj (.text:GPIODirModeSet)
                  00000a3a    00000022                   : pwm.obj (.text:PWMGenConfigure)
                  00000a5c    0000001e                   : pwm.obj (.text:PWMPulseWidthSet)
                  00000a7a    00000018                   : gpio.obj (.text:GPIOPinTypeGPIOOutput)
                  00000a92    00000002     --HOLE-- [fill = 0]
                  00000a94    00000018     rtsv7M4_T_le_v4SPD16_eabi.lib : args_main.obj (.text)
                  00000aac    00000014     driverlib.lib : sysctl.obj (.text:SysCtlPWMClockSet)
                  00000ac0    00000014     rtsv7M4_T_le_v4SPD16_eabi.lib : _lock.obj (.text)
                  00000ad4    00000012     driverlib.lib : gpio.obj (.text:GPIOPinTypeGPIOInput)
                  00000ae6    00000012                   : gpio.obj (.text:GPIOPinTypePWM)
                  00000af8    00000012                   : pwm.obj (.text:PWMOutputState)
                  00000b0a    00000010                   : pwm.obj (.text:PWMGenPeriodSet)
                  00000b1a    0000000e     rtsv7M4_T_le_v4SPD16_eabi.lib : copy_decompress_none.obj (.text:decompress:none)
                  00000b28    0000000c     driverlib.lib : pwm.obj (.text:PWMGenEnable)
                  00000b34    0000000c     tm4c123gh6pm_startup_ccs.obj (.text)
                  00000b40    00000006     driverlib.lib : gpio.obj (.text:GPIOPinRead)
                  00000b46    00000006                   : sysctl.obj (.text:SysCtlDelay)
                  00000b4c    00000006     rtsv7M4_T_le_v4SPD16_eabi.lib : copy_decompress_rle.obj (.text:decompress:rle24)
                  00000b52    00000004                                   : pre_init.obj (.text)

.const     0    00000b58    000000fc     
                  00000b58    00000090     driverlib.lib : gpio.obj (.const:g_pui32GPIOBaseAddrs)
                  00000be8    0000006c                   : sysctl.obj (.const:g_pui32Xtals)

.cinit     0    00000c58    00000020     
                  00000c58    0000000f     (.cinit..data.load) [load image, compression = rle]
                  00000c67    00000001     --HOLE-- [fill = 0]
                  00000c68    00000008     (__TI_handler_table)
                  00000c70    00000008     (__TI_cinit_table)

.init_array 
*          0    00000000    00000000     UNINITIALIZED

.stack     0    20000000    00000200     UNINITIALIZED
                  20000000    00000200     --HOLE--

.data      0    20000200    00000014     UNINITIALIZED
                  20000200    00000008     rtsv7M4_T_le_v4SPD16_eabi.lib : _lock.obj (.data)
                  20000208    00000008                                   : exit.obj (.data)
                  20000210    00000004                                   : stkdepth_vars.obj (.data)

.TI.persistent 
*          0    20000200    00000000     UNINITIALIZED


LINKER GENERATED COPY TABLES

__TI_cinit_table @ 00000c70 records: 1, size/record: 8, table size: 8
	.data: load addr=00000c58, load size=0000000f bytes, run addr=20000200, run size=00000014 bytes, compression=rle


LINKER GENERATED HANDLER TABLE

__TI_handler_table @ 00000c68 records: 2, size/record: 4, table size: 8
	index: 0, handler: __TI_decompress_rle24
	index: 1, handler: __TI_decompress_none


GLOBAL SYMBOLS: SORTED ALPHABETICALLY BY Name 

address   name                    
-------   ----                    
00000999  C$$EXIT                 
00000a11  GPIODirModeSet          
0000026d  GPIOPadConfigSet        
00000951  GPIOPinConfigure        
00000b41  GPIOPinRead             
00000ad5  GPIOPinTypeGPIOInput    
00000a7b  GPIOPinTypeGPIOOutput   
00000ae7  GPIOPinTypePWM          
00000a3b  PWMGenConfigure         
00000b29  PWMGenEnable            
00000b0b  PWMGenPeriodSet         
00000af9  PWMOutputState          
00000a5d  PWMPulseWidthSet        
00000b35  ResetISR                
UNDEFED   SHT$$INIT_ARRAY$$Base   
UNDEFED   SHT$$INIT_ARRAY$$Limit  
000004bd  SysCtlClockGet          
000005d5  SysCtlClockSet          
00000b47  SysCtlDelay             
00000aad  SysCtlPWMClockSet       
000009dd  SysCtlPeripheralEnable  
20000200  __STACK_END             
00000200  __STACK_SIZE            
20000200  __STACK_TOP             
00000c70  __TI_CINIT_Base         
00000c78  __TI_CINIT_Limit        
00000c68  __TI_Handler_Table_Base 
00000c70  __TI_Handler_Table_Limit
000007dd  __TI_auto_init          
20000208  __TI_cleanup_ptr        
00000b1b  __TI_decompress_none    
00000b4d  __TI_decompress_rle24   
2000020c  __TI_dtors_ptr          
00000000  __TI_static_base__      
00000761  __aeabi_memclr          
00000761  __aeabi_memclr4         
00000761  __aeabi_memclr8         
000006c5  __aeabi_memcpy          
000006c5  __aeabi_memcpy4         
000006c5  __aeabi_memcpy8         
00000763  __aeabi_memset          
00000763  __aeabi_memset4         
00000763  __aeabi_memset8         
ffffffff  __binit__               
ffffffff  __c_args__              
20000000  __stack                 
00000a95  _args_main              
000008b5  _c_int00                
20000200  _lock                   
00000acf  _nop                    
00000ac7  _register_lock          
00000ac1  _register_unlock        
00000b53  _system_pre_init        
20000204  _unlock                 
0000099d  abort                   
ffffffff  binit                   
00000905  copy_in                 
0000039d  delayMS                 
000009a5  exit                    
00000000  g_pfnVectors            
000003b9  main                    
20000210  main_func_sp            
000006c5  memcpy                  
00000769  memset                  


GLOBAL SYMBOLS: SORTED BY Symbol Address 

address   name                    
-------   ----                    
00000000  __TI_static_base__      
00000000  g_pfnVectors            
00000200  __STACK_SIZE            
0000026d  GPIOPadConfigSet        
0000039d  delayMS                 
000003b9  main                    
000004bd  SysCtlClockGet          
000005d5  SysCtlClockSet          
000006c5  __aeabi_memcpy          
000006c5  __aeabi_memcpy4         
000006c5  __aeabi_memcpy8         
000006c5  memcpy                  
00000761  __aeabi_memclr          
00000761  __aeabi_memclr4         
00000761  __aeabi_memclr8         
00000763  __aeabi_memset          
00000763  __aeabi_memset4         
00000763  __aeabi_memset8         
00000769  memset                  
000007dd  __TI_auto_init          
000008b5  _c_int00                
00000905  copy_in                 
00000951  GPIOPinConfigure        
00000999  C$$EXIT                 
0000099d  abort                   
000009a5  exit                    
000009dd  SysCtlPeripheralEnable  
00000a11  GPIODirModeSet          
00000a3b  PWMGenConfigure         
00000a5d  PWMPulseWidthSet        
00000a7b  GPIOPinTypeGPIOOutput   
00000a95  _args_main              
00000aad  SysCtlPWMClockSet       
00000ac1  _register_unlock        
00000ac7  _register_lock          
00000acf  _nop                    
00000ad5  GPIOPinTypeGPIOInput    
00000ae7  GPIOPinTypePWM          
00000af9  PWMOutputState          
00000b0b  PWMGenPeriodSet         
00000b1b  __TI_decompress_none    
00000b29  PWMGenEnable            
00000b35  ResetISR                
00000b41  GPIOPinRead             
00000b47  SysCtlDelay             
00000b4d  __TI_decompress_rle24   
00000b53  _system_pre_init        
00000c68  __TI_Handler_Table_Base 
00000c70  __TI_CINIT_Base         
00000c70  __TI_Handler_Table_Limit
00000c78  __TI_CINIT_Limit        
20000000  __stack                 
20000200  __STACK_END             
20000200  __STACK_TOP             
20000200  _lock                   
20000204  _unlock                 
20000208  __TI_cleanup_ptr        
2000020c  __TI_dtors_ptr          
20000210  main_func_sp            
ffffffff  __binit__               
ffffffff  __c_args__              
ffffffff  binit                   
UNDEFED   SHT$$INIT_ARRAY$$Base   
UNDEFED   SHT$$INIT_ARRAY$$Limit  

[64 symbols]
