******************************************************************************
                  TI ARM Linker PC v5.2.2                      
******************************************************************************
>> Linked Wed Apr 22 15:55:38 2015

OUTPUT FILE NAME:   <Tiva - MCo__Po_and_Bu.out>
ENTRY POINT SYMBOL: "_c_int00"  address: 00000acd


MEMORY CONFIGURATION

         name            origin    length      used     unused   attr    fill
----------------------  --------  ---------  --------  --------  ----  --------
  FLASH                 00000000   00040000  00000f7a  0003f086  R  X
  SRAM                  20000000   00008000  00000258  00007da8  RW X


SEGMENT ALLOCATION MAP

run origin  load origin   length   init length attrs members
----------  ----------- ---------- ----------- ----- -------
00000000    00000000    00000f80   00000f80    r-x
  00000000    00000000    0000026c   0000026c    r-- .intvecs
  0000026c    0000026c    00000bca   00000bca    r-x .text
  00000e38    00000e38    000000fc   000000fc    r-- .const
  00000f38    00000f38    00000048   00000048    r-- .cinit
20000000    20000000    00000258   00000000    rw-
  20000000    20000000    00000200   00000000    rw- .stack
  20000200    20000200    00000030   00000000    rw- .data
  20000230    20000230    00000028   00000000    rw- .bss


SECTION ALLOCATION MAP

 output                                  attributes/
section   page    origin      length       input sections
--------  ----  ----------  ----------   ----------------
.intvecs   0    00000000    0000026c     
                  00000000    0000026c     tm4c123gh6pm_startup_ccs.obj (.intvecs)

.text      0    0000026c    00000bca     
                  0000026c    000002b8     main.obj (.text)
                  00000524    00000130     driverlib.lib : gpio.obj (.text:GPIOPadConfigSet)
                  00000654    00000118                   : sysctl.obj (.text:SysCtlClockGet)
                  0000076c    000000f0                   : sysctl.obj (.text:SysCtlClockSet)
                  0000085c    0000009c     rtsv7M4_T_le_v4SPD16_eabi.lib : memcpy_t2.obj (.text)
                  000008f8    00000080     driverlib.lib : adc.obj (.text:ADCSequenceStepConfigure)
                  00000978    0000007a     rtsv7M4_T_le_v4SPD16_eabi.lib : memset_t2.obj (.text)
                  000009f2    00000002     --HOLE-- [fill = 0]
                  000009f4    0000006c                                   : autoinit.obj (.text)
                  00000a60    0000006a                                   : copy_decompress_rle.obj (.text)
                  00000aca    00000002     --HOLE-- [fill = 0]
                  00000acc    00000050                                   : boot.obj (.text)
                  00000b1c    0000004c                                   : cpy_tbl.obj (.text)
                  00000b68    00000048     driverlib.lib : gpio.obj (.text:GPIOPinConfigure)
                  00000bb0    00000044     rtsv7M4_T_le_v4SPD16_eabi.lib : exit.obj (.text)
                  00000bf4    0000003e     driverlib.lib : adc.obj (.text:ADCSequenceConfigure)
                  00000c32    00000002     --HOLE-- [fill = 0]
                  00000c34    00000034                   : sysctl.obj (.text:SysCtlPeripheralEnable)
                  00000c68    0000002e                   : adc.obj (.text:ADCIntStatus)
                  00000c96    0000002a                   : gpio.obj (.text:GPIODirModeSet)
                  00000cc0    00000022                   : pwm.obj (.text:PWMGenConfigure)
                  00000ce2    0000001e                   : adc.obj (.text:ADCSequenceDataGet)
                  00000d00    0000001e                   : pwm.obj (.text:PWMPulseWidthSet)
                  00000d1e    00000018                   : gpio.obj (.text:GPIOPinTypeGPIOOutput)
                  00000d36    00000002     --HOLE-- [fill = 0]
                  00000d38    00000018     rtsv7M4_T_le_v4SPD16_eabi.lib : args_main.obj (.text)
                  00000d50    00000016     driverlib.lib : adc.obj (.text:ADCProcessorTrigger)
                  00000d66    00000002     --HOLE-- [fill = 0]
                  00000d68    00000014                   : sysctl.obj (.text:SysCtlPWMClockSet)
                  00000d7c    00000014     rtsv7M4_T_le_v4SPD16_eabi.lib : _lock.obj (.text)
                  00000d90    00000012     driverlib.lib : gpio.obj (.text:GPIOPinTypeGPIOInput)
                  00000da2    00000012                   : gpio.obj (.text:GPIOPinTypePWM)
                  00000db4    00000012                   : pwm.obj (.text:PWMOutputState)
                  00000dc6    00000010                   : pwm.obj (.text:PWMGenPeriodSet)
                  00000dd6    0000000e                   : adc.obj (.text:ADCSequenceEnable)
                  00000de4    0000000e     rtsv7M4_T_le_v4SPD16_eabi.lib : copy_decompress_none.obj (.text:decompress:none)
                  00000df2    0000000c     driverlib.lib : pwm.obj (.text:PWMGenEnable)
                  00000dfe    0000000c     rtsv7M4_T_le_v4SPD16_eabi.lib : copy_zero_init.obj (.text:decompress:ZI)
                  00000e0a    0000000c     tm4c123gh6pm_startup_ccs.obj (.text)
                  00000e16    0000000a     driverlib.lib : adc.obj (.text:ADCIntClear)
                  00000e20    00000006                   : gpio.obj (.text:GPIOPinRead)
                  00000e26    00000006                   : sysctl.obj (.text:SysCtlDelay)
                  00000e2c    00000006     rtsv7M4_T_le_v4SPD16_eabi.lib : copy_decompress_rle.obj (.text:decompress:rle24)
                  00000e32    00000004                                   : pre_init.obj (.text)

.const     0    00000e38    000000fc     
                  00000e38    00000090     driverlib.lib : gpio.obj (.const:g_pui32GPIOBaseAddrs)
                  00000ec8    0000006c                   : sysctl.obj (.const:g_pui32Xtals)

.cinit     0    00000f38    00000048     
                  00000f38    00000023     (.cinit..data.load) [load image, compression = rle]
                  00000f5b    00000001     --HOLE-- [fill = 0]
                  00000f5c    0000000c     (__TI_handler_table)
                  00000f68    00000008     (.cinit..bss.load) [load image, compression = zero_init]
                  00000f70    00000010     (__TI_cinit_table)

.init_array 
*          0    00000000    00000000     UNINITIALIZED

.stack     0    20000000    00000200     UNINITIALIZED
                  20000000    00000200     --HOLE--

.data      0    20000200    00000030     UNINITIALIZED
                  20000200    0000001c     main.obj (.data)
                  2000021c    00000008     rtsv7M4_T_le_v4SPD16_eabi.lib : _lock.obj (.data)
                  20000224    00000008                                   : exit.obj (.data)
                  2000022c    00000004                                   : stkdepth_vars.obj (.data)

.bss       0    20000230    00000028     UNINITIALIZED
                  20000230    00000010     (.common:ui32ADC0Value)
                  20000240    00000004     (.common:ui32Load)
                  20000244    00000004     (.common:ui32PWMClock)
                  20000248    00000004     (.common:value0)
                  2000024c    00000004     (.common:value1)
                  20000250    00000004     (.common:value2)
                  20000254    00000004     (.common:value3)

.TI.persistent 
*          0    20000200    00000000     UNINITIALIZED

.TI.noinit 
*          0    20000230    00000000     UNINITIALIZED


LINKER GENERATED COPY TABLES

__TI_cinit_table @ 00000f70 records: 2, size/record: 8, table size: 16
	.data: load addr=00000f38, load size=00000023 bytes, run addr=20000200, run size=00000030 bytes, compression=rle
	.bss: load addr=00000f68, load size=00000008 bytes, run addr=20000230, run size=00000028 bytes, compression=zero_init


LINKER GENERATED HANDLER TABLE

__TI_handler_table @ 00000f5c records: 3, size/record: 4, table size: 12
	index: 0, handler: __TI_decompress_rle24
	index: 1, handler: __TI_decompress_none
	index: 2, handler: __TI_zero_init


GLOBAL SYMBOLS: SORTED ALPHABETICALLY BY Name 

address   name                    
-------   ----                    
00000e17  ADCIntClear             
00000c69  ADCIntStatus            
00000d51  ADCProcessorTrigger     
00000bf5  ADCSequenceConfigure    
00000ce3  ADCSequenceDataGet      
00000dd7  ADCSequenceEnable       
000008f9  ADCSequenceStepConfigure
20000210  ButtonStatus            
00000bb1  C$$EXIT                 
00000327  ConfigADC12             
00000289  ConfigGPIO              
000002af  ConfigPWM               
20000204  DutyCycle               
00000c97  GPIODirModeSet          
00000525  GPIOPadConfigSet        
00000b69  GPIOPinConfigure        
00000e21  GPIOPinRead             
00000d91  GPIOPinTypeGPIOInput    
00000d1f  GPIOPinTypeGPIOOutput   
00000da3  GPIOPinTypePWM          
00000cc1  PWMGenConfigure         
00000df3  PWMGenEnable            
00000dc7  PWMGenPeriodSet         
00000db5  PWMOutputState          
00000d01  PWMPulseWidthSet        
20000218  PWM_FREQUENCY           
00000e0b  ResetISR                
UNDEFED   SHT$$INIT_ARRAY$$Base   
UNDEFED   SHT$$INIT_ARRAY$$Limit  
00000655  SysCtlClockGet          
0000076d  SysCtlClockSet          
00000e27  SysCtlDelay             
00000d69  SysCtlPWMClockSet       
00000c35  SysCtlPeripheralEnable  
20000200  __STACK_END             
00000200  __STACK_SIZE            
20000200  __STACK_TOP             
00000f70  __TI_CINIT_Base         
00000f80  __TI_CINIT_Limit        
00000f5c  __TI_Handler_Table_Base 
00000f68  __TI_Handler_Table_Limit
000009f5  __TI_auto_init          
20000224  __TI_cleanup_ptr        
00000de5  __TI_decompress_none    
00000e2d  __TI_decompress_rle24   
20000228  __TI_dtors_ptr          
00000000  __TI_static_base__      
00000dff  __TI_zero_init          
00000979  __aeabi_memclr          
00000979  __aeabi_memclr4         
00000979  __aeabi_memclr8         
0000085d  __aeabi_memcpy          
0000085d  __aeabi_memcpy4         
0000085d  __aeabi_memcpy8         
0000097b  __aeabi_memset          
0000097b  __aeabi_memset4         
0000097b  __aeabi_memset8         
ffffffff  __binit__               
ffffffff  __c_args__              
20000000  __stack                 
00000d39  _args_main              
00000acd  _c_int00                
2000021c  _lock                   
00000d8b  _nop                    
00000d83  _register_lock          
00000d7d  _register_unlock        
00000e33  _system_pre_init        
20000220  _unlock                 
00000bb5  abort                   
ffffffff  binit                   
00000b1d  copy_in                 
0000026d  delayMS                 
00000bbd  exit                    
00000000  g_pfnVectors            
20000200  increment               
00000375  main                    
2000022c  main_func_sp            
20000208  maxDutyCycle            
0000085d  memcpy                  
00000981  memset                  
2000020c  minDutyCycle            
20000230  ui32ADC0Value           
20000240  ui32Load                
20000244  ui32PWMClock            
20000248  value0                  
2000024c  value1                  
20000250  value2                  
20000254  value3                  
20000214  valueavr                


GLOBAL SYMBOLS: SORTED BY Symbol Address 

address   name                    
-------   ----                    
00000000  __TI_static_base__      
00000000  g_pfnVectors            
00000200  __STACK_SIZE            
0000026d  delayMS                 
00000289  ConfigGPIO              
000002af  ConfigPWM               
00000327  ConfigADC12             
00000375  main                    
00000525  GPIOPadConfigSet        
00000655  SysCtlClockGet          
0000076d  SysCtlClockSet          
0000085d  __aeabi_memcpy          
0000085d  __aeabi_memcpy4         
0000085d  __aeabi_memcpy8         
0000085d  memcpy                  
000008f9  ADCSequenceStepConfigure
00000979  __aeabi_memclr          
00000979  __aeabi_memclr4         
00000979  __aeabi_memclr8         
0000097b  __aeabi_memset          
0000097b  __aeabi_memset4         
0000097b  __aeabi_memset8         
00000981  memset                  
000009f5  __TI_auto_init          
00000acd  _c_int00                
00000b1d  copy_in                 
00000b69  GPIOPinConfigure        
00000bb1  C$$EXIT                 
00000bb5  abort                   
00000bbd  exit                    
00000bf5  ADCSequenceConfigure    
00000c35  SysCtlPeripheralEnable  
00000c69  ADCIntStatus            
00000c97  GPIODirModeSet          
00000cc1  PWMGenConfigure         
00000ce3  ADCSequenceDataGet      
00000d01  PWMPulseWidthSet        
00000d1f  GPIOPinTypeGPIOOutput   
00000d39  _args_main              
00000d51  ADCProcessorTrigger     
00000d69  SysCtlPWMClockSet       
00000d7d  _register_unlock        
00000d83  _register_lock          
00000d8b  _nop                    
00000d91  GPIOPinTypeGPIOInput    
00000da3  GPIOPinTypePWM          
00000db5  PWMOutputState          
00000dc7  PWMGenPeriodSet         
00000dd7  ADCSequenceEnable       
00000de5  __TI_decompress_none    
00000df3  PWMGenEnable            
00000dff  __TI_zero_init          
00000e0b  ResetISR                
00000e17  ADCIntClear             
00000e21  GPIOPinRead             
00000e27  SysCtlDelay             
00000e2d  __TI_decompress_rle24   
00000e33  _system_pre_init        
00000f5c  __TI_Handler_Table_Base 
00000f68  __TI_Handler_Table_Limit
00000f70  __TI_CINIT_Base         
00000f80  __TI_CINIT_Limit        
20000000  __stack                 
20000200  __STACK_END             
20000200  __STACK_TOP             
20000200  increment               
20000204  DutyCycle               
20000208  maxDutyCycle            
2000020c  minDutyCycle            
20000210  ButtonStatus            
20000214  valueavr                
20000218  PWM_FREQUENCY           
2000021c  _lock                   
20000220  _unlock                 
20000224  __TI_cleanup_ptr        
20000228  __TI_dtors_ptr          
2000022c  main_func_sp            
20000230  ui32ADC0Value           
20000240  ui32Load                
20000244  ui32PWMClock            
20000248  value0                  
2000024c  value1                  
20000250  value2                  
20000254  value3                  
ffffffff  __binit__               
ffffffff  __c_args__              
ffffffff  binit                   
UNDEFED   SHT$$INIT_ARRAY$$Base   
UNDEFED   SHT$$INIT_ARRAY$$Limit  

[89 symbols]
