******************************************************************************
                  TI ARM Linker PC v5.2.2                      
******************************************************************************
>> Linked Wed Apr 01 16:42:12 2015

OUTPUT FILE NAME:   <Tiva - PWM_1.out>
ENTRY POINT SYMBOL: "_c_int00"  address: 000008e1


MEMORY CONFIGURATION

         name            origin    length      used     unused   attr    fill
----------------------  --------  ---------  --------  --------  ----  --------
  FLASH                 00000000   00040000  00000cb2  0003f34e  R  X
  SRAM                  20000000   00008000  00000220  00007de0  RW X


SEGMENT ALLOCATION MAP

run origin  load origin   length   init length attrs members
----------  ----------- ---------- ----------- ----- -------
00000000    00000000    00000cb8   00000cb8    r-x
  00000000    00000000    0000026c   0000026c    r-- .intvecs
  0000026c    0000026c    00000922   00000922    r-x .text
  00000b90    00000b90    000000fc   000000fc    r-- .const
  00000c90    00000c90    00000028   00000028    r-- .cinit
20000000    20000000    00000220   00000000    rw-
  20000000    20000000    00000200   00000000    rw- .stack
  20000200    20000200    00000020   00000000    rw- .data


SECTION ALLOCATION MAP

 output                                  attributes/
section   page    origin      length       input sections
--------  ----  ----------  ----------   ----------------
.intvecs   0    00000000    0000026c     
                  00000000    0000026c     tm4c123gh6pm_startup_ccs.obj (.intvecs)

.text      0    0000026c    00000922     
                  0000026c    0000014c     main.obj (.text)
                  000003b8    00000130     driverlib.lib : gpio.obj (.text:GPIOPadConfigSet)
                  000004e8    00000118                   : sysctl.obj (.text:SysCtlClockGet)
                  00000600    000000f0                   : sysctl.obj (.text:SysCtlClockSet)
                  000006f0    0000009c     rtsv7M4_T_le_v4SPD16_eabi.lib : memcpy_t2.obj (.text)
                  0000078c    0000007a                                   : memset_t2.obj (.text)
                  00000806    00000002     --HOLE-- [fill = 0]
                  00000808    0000006c                                   : autoinit.obj (.text)
                  00000874    0000006a                                   : copy_decompress_rle.obj (.text)
                  000008de    00000002     --HOLE-- [fill = 0]
                  000008e0    00000050                                   : boot.obj (.text)
                  00000930    0000004c                                   : cpy_tbl.obj (.text)
                  0000097c    00000048     driverlib.lib : gpio.obj (.text:GPIOPinConfigure)
                  000009c4    00000044     rtsv7M4_T_le_v4SPD16_eabi.lib : exit.obj (.text)
                  00000a08    00000034     driverlib.lib : sysctl.obj (.text:SysCtlPeripheralEnable)
                  00000a3c    0000002a                   : gpio.obj (.text:GPIODirModeSet)
                  00000a66    00000022                   : pwm.obj (.text:PWMGenConfigure)
                  00000a88    0000001e                   : pwm.obj (.text:PWMPulseWidthSet)
                  00000aa6    00000018                   : gpio.obj (.text:GPIOPinTypeGPIOOutput)
                  00000abe    00000002     --HOLE-- [fill = 0]
                  00000ac0    00000018     rtsv7M4_T_le_v4SPD16_eabi.lib : args_main.obj (.text)
                  00000ad8    00000014     driverlib.lib : sysctl.obj (.text:SysCtlPWMClockSet)
                  00000aec    00000014     rtsv7M4_T_le_v4SPD16_eabi.lib : _lock.obj (.text)
                  00000b00    00000012     driverlib.lib : gpio.obj (.text:GPIOPinTypeGPIOInput)
                  00000b12    00000012                   : gpio.obj (.text:GPIOPinTypePWM)
                  00000b24    00000012                   : pwm.obj (.text:PWMOutputState)
                  00000b36    00000010                   : pwm.obj (.text:PWMGenPeriodSet)
                  00000b46    0000000e     rtsv7M4_T_le_v4SPD16_eabi.lib : copy_decompress_none.obj (.text:decompress:none)
                  00000b54    0000000c     driverlib.lib : pwm.obj (.text:PWMGenEnable)
                  00000b60    0000000c     tm4c123gh6pm_startup_ccs.obj (.text)
                  00000b6c    00000006     driverlib.lib : gpio.obj (.text:GPIOIntClear)
                  00000b72    00000006                   : gpio.obj (.text:GPIOPinRead)
                  00000b78    00000006                   : gpio.obj (.text:GPIOPinWrite)
                  00000b7e    00000006                   : sysctl.obj (.text:SysCtlDelay)
                  00000b84    00000006     rtsv7M4_T_le_v4SPD16_eabi.lib : copy_decompress_rle.obj (.text:decompress:rle24)
                  00000b8a    00000004                                   : pre_init.obj (.text)

.const     0    00000b90    000000fc     
                  00000b90    00000090     driverlib.lib : gpio.obj (.const:g_pui32GPIOBaseAddrs)
                  00000c20    0000006c                   : sysctl.obj (.const:g_pui32Xtals)

.cinit     0    00000c90    00000028     
                  00000c90    00000016     (.cinit..data.load) [load image, compression = rle]
                  00000ca6    00000002     --HOLE-- [fill = 0]
                  00000ca8    00000008     (__TI_handler_table)
                  00000cb0    00000008     (__TI_cinit_table)

.init_array 
*          0    00000000    00000000     UNINITIALIZED

.stack     0    20000000    00000200     UNINITIALIZED
                  20000000    00000200     --HOLE--

.data      0    20000200    00000020     UNINITIALIZED
                  20000200    00000009     main.obj (.data)
                  20000209    00000003     --HOLE--
                  2000020c    00000008     rtsv7M4_T_le_v4SPD16_eabi.lib : _lock.obj (.data)
                  20000214    00000008                                   : exit.obj (.data)
                  2000021c    00000004                                   : stkdepth_vars.obj (.data)

.TI.persistent 
*          0    20000200    00000000     UNINITIALIZED


LINKER GENERATED COPY TABLES

__TI_cinit_table @ 00000cb0 records: 1, size/record: 8, table size: 8
	.data: load addr=00000c90, load size=00000016 bytes, run addr=20000200, run size=00000020 bytes, compression=rle


LINKER GENERATED HANDLER TABLE

__TI_handler_table @ 00000ca8 records: 2, size/record: 4, table size: 8
	index: 0, handler: __TI_decompress_rle24
	index: 1, handler: __TI_decompress_none


GLOBAL SYMBOLS: SORTED ALPHABETICALLY BY Name 

address   name                    
-------   ----                    
20000204  ButtonStatus            
000009c5  C$$EXIT                 
00000a3d  GPIODirModeSet          
00000b6d  GPIOIntClear            
000003b9  GPIOPadConfigSet        
0000097d  GPIOPinConfigure        
00000b73  GPIOPinRead             
00000b01  GPIOPinTypeGPIOInput    
00000aa7  GPIOPinTypeGPIOOutput   
00000b13  GPIOPinTypePWM          
00000b79  GPIOPinWrite            
20000208  GoUpCycle               
00000a67  PWMGenConfigure         
00000b55  PWMGenEnable            
00000b37  PWMGenPeriodSet         
00000b25  PWMOutputState          
00000a89  PWMPulseWidthSet        
00000b61  ResetISR                
UNDEFED   SHT$$INIT_ARRAY$$Base   
UNDEFED   SHT$$INIT_ARRAY$$Limit  
00000377  SW1IntHandler           
000004e9  SysCtlClockGet          
00000601  SysCtlClockSet          
00000b7f  SysCtlDelay             
00000ad9  SysCtlPWMClockSet       
00000a09  SysCtlPeripheralEnable  
20000200  __STACK_END             
00000200  __STACK_SIZE            
20000200  __STACK_TOP             
00000cb0  __TI_CINIT_Base         
00000cb8  __TI_CINIT_Limit        
00000ca8  __TI_Handler_Table_Base 
00000cb0  __TI_Handler_Table_Limit
00000809  __TI_auto_init          
20000214  __TI_cleanup_ptr        
00000b47  __TI_decompress_none    
00000b85  __TI_decompress_rle24   
20000218  __TI_dtors_ptr          
00000000  __TI_static_base__      
0000078d  __aeabi_memclr          
0000078d  __aeabi_memclr4         
0000078d  __aeabi_memclr8         
000006f1  __aeabi_memcpy          
000006f1  __aeabi_memcpy4         
000006f1  __aeabi_memcpy8         
0000078f  __aeabi_memset          
0000078f  __aeabi_memset4         
0000078f  __aeabi_memset8         
ffffffff  __binit__               
ffffffff  __c_args__              
20000000  __stack                 
00000ac1  _args_main              
000008e1  _c_int00                
2000020c  _lock                   
00000afb  _nop                    
00000af3  _register_lock          
00000aed  _register_unlock        
00000b8b  _system_pre_init        
20000210  _unlock                 
000009c9  abort                   
ffffffff  binit                   
00000931  copy_in                 
0000026d  delayMS                 
000009d1  exit                    
00000000  g_pfnVectors            
00000289  main                    
2000021c  main_func_sp            
000006f1  memcpy                  
00000795  memset                  
20000200  ui8PinData              


GLOBAL SYMBOLS: SORTED BY Symbol Address 

address   name                    
-------   ----                    
00000000  __TI_static_base__      
00000000  g_pfnVectors            
00000200  __STACK_SIZE            
0000026d  delayMS                 
00000289  main                    
00000377  SW1IntHandler           
000003b9  GPIOPadConfigSet        
000004e9  SysCtlClockGet          
00000601  SysCtlClockSet          
000006f1  __aeabi_memcpy          
000006f1  __aeabi_memcpy4         
000006f1  __aeabi_memcpy8         
000006f1  memcpy                  
0000078d  __aeabi_memclr          
0000078d  __aeabi_memclr4         
0000078d  __aeabi_memclr8         
0000078f  __aeabi_memset          
0000078f  __aeabi_memset4         
0000078f  __aeabi_memset8         
00000795  memset                  
00000809  __TI_auto_init          
000008e1  _c_int00                
00000931  copy_in                 
0000097d  GPIOPinConfigure        
000009c5  C$$EXIT                 
000009c9  abort                   
000009d1  exit                    
00000a09  SysCtlPeripheralEnable  
00000a3d  GPIODirModeSet          
00000a67  PWMGenConfigure         
00000a89  PWMPulseWidthSet        
00000aa7  GPIOPinTypeGPIOOutput   
00000ac1  _args_main              
00000ad9  SysCtlPWMClockSet       
00000aed  _register_unlock        
00000af3  _register_lock          
00000afb  _nop                    
00000b01  GPIOPinTypeGPIOInput    
00000b13  GPIOPinTypePWM          
00000b25  PWMOutputState          
00000b37  PWMGenPeriodSet         
00000b47  __TI_decompress_none    
00000b55  PWMGenEnable            
00000b61  ResetISR                
00000b6d  GPIOIntClear            
00000b73  GPIOPinRead             
00000b79  GPIOPinWrite            
00000b7f  SysCtlDelay             
00000b85  __TI_decompress_rle24   
00000b8b  _system_pre_init        
00000ca8  __TI_Handler_Table_Base 
00000cb0  __TI_CINIT_Base         
00000cb0  __TI_Handler_Table_Limit
00000cb8  __TI_CINIT_Limit        
20000000  __stack                 
20000200  __STACK_END             
20000200  __STACK_TOP             
20000200  ui8PinData              
20000204  ButtonStatus            
20000208  GoUpCycle               
2000020c  _lock                   
20000210  _unlock                 
20000214  __TI_cleanup_ptr        
20000218  __TI_dtors_ptr          
2000021c  main_func_sp            
ffffffff  __binit__               
ffffffff  __c_args__              
ffffffff  binit                   
UNDEFED   SHT$$INIT_ARRAY$$Base   
UNDEFED   SHT$$INIT_ARRAY$$Limit  

[70 symbols]
